ae_int_t			T_IV
const ae_int_t			T_IV
ae_bool				T_BOOL
const ae_bool			T_BOOL
ptrdiff_t			T_IV
const ptrdiff_t			T_IV

alglib::real_1d_array		AL_NV_ARRAY
alglib::real_2d_array		AL_NV_2DARRAY
alglib::complex_1d_array	AL_CPLXNV_ARRAY
alglib::complex_1d_array*	AL_CPLXNV_ARRAY_PTR

idwinterpolant*			O_OBJECT
barycentricinterpolant*		O_OBJECT
spline1dinterpolant*		O_OBJECT
odesolverstate*			O_OBJECT
odesolverreport*		O_OBJECT

alglib_impl::odesolverstate*    T_HV_ODESOLVERSTATE


INPUT

AL_NV_ARRAY
        if (SvROK($arg) && SvTYPE(SvRV($arg))==SVt_PVAV) {
          AV *av = (AV*)SvRV($arg);
          const unsigned int len = av_len(av)+1;
          unsigned int i;
          SV **elem;
          $var = $type();
          $var.setlength(len);
          for (i = 0; i < len; i++) {
            elem = av_fetch(av, i, 0);
            if (elem != NULL)
              ${var}[i] = SvNV(*elem);
            else
              ${var}[i] = 0.;
          }
        }
        else
          Perl_croak(aTHX_ \"%s: %s is not an array reference\",
                     ${$ALIAS?\q[GvNAME(CvGV(cv))]:\qq[\"$pname\"]},
                     \"$var\");

AL_CPLXNV_ARRAY
        if (SvROK($arg) && SvTYPE(SvRV($arg))==SVt_PVAV) {
          AV *av = (AV*)SvRV($arg);
          const unsigned int len = av_len(av)+1;
          unsigned int i;
          SV **elem;
          $var = $type();
          $var.setlength(len);
          for (i = 0; i < len; i++) {
            elem = av_fetch(av, i, 0);
            if (elem != NULL) {
              if (SvROK(*elem) && SvTYPE(SvRV(*elem))==SVt_PVAV) {
                AV *iav = (AV*)SvRV(*elem);
                elem = av_fetch(av, 0, 0);
                ${var}[i].x = elem ? SvNV(*elem) : 0.;
                elem = av_fetch(av, 1, 0);
                ${var}[i].y = elem ? SvNV(*elem) : 0.;
              }
            }
            else {
              ${var}[i].x = 0.;
              ${var}[i].y = 0.;
            }
          }
        }
        else
          Perl_croak(aTHX_ \"%s: %s is not an array reference\",
                     ${$ALIAS?\q[GvNAME(CvGV(cv))]:\qq[\"$pname\"]},
                     \"$var\");

AL_NV_2DARRAY
        $var = $type();
        if (SvROK($arg) && SvTYPE(SvRV($arg))==SVt_PVAV) {
          AV *outer_av = (AV*)SvRV($arg);
          AV *inner_av;
          const unsigned int rows = av_len(outer_av)+1;
          unsigned int cols;
          unsigned int i, j;

          if (rows == 0) {
            ${var}.setlength(0, 0);
          }
          else {
            SV **elem;
            SV **ielem;
            elem = av_fetch(outer_av, i, 0);
            if (SvROK(*elem) && SvTYPE(SvRV(*elem))==SVt_PVAV)
              cols = av_len((AV *)SvRV(*elem))+1;
            else
              Perl_croak(aTHX_ \"Not a nested Perl array (a matrix)\");
            ${var}.setlength(rows, cols);

            for (i = 0; i < rows; i++) {
              elem = av_fetch(outer_av, i, 0);
              if (!elem || !SvROK(*elem) || SvTYPE(SvRV(*elem))!=SVt_PVAV)
                Perl_croak(aTHX_ \"Not a nested Perl array (a matrix)\");
              inner_av = (AV *)SvRV(*elem);
              if (av_len(inner_av)+1 != cols)
                Perl_croak(aTHX_ \"Number of columns doesn't match up across matrix\");
              for (j = 0; j < cols; ++j) {
                ielem = av_fetch(inner_av, j, 0);
                if (ielem != NULL)
                  ${var}[i][j] = SvNV(*ielem);
                else
                  ${var}[i][j] = 0.;
              }
            }
          }
        }
        else
          Perl_croak(aTHX_ \"%s: %s is not an array reference\",
                     ${$ALIAS?\q[GvNAME(CvGV(cv))]:\qq[\"$pname\"]},
                     \"$var\");

OUTPUT
AL_NV_ARRAY
        AV* av = newAV();
        const unsigned int len = $var.length();
        $arg = newRV_noinc((SV *)real_1d_array_to_av(aTHX_ $var));

AL_CPLXNV_ARRAY
        AV* av = newAV();
        const unsigned int len = $var.length();
        $arg = newRV_noinc((SV*)av);
        av_extend(av, len-1);
        for (unsigned int i = 0; i < len; i++) {
          AV* iav = newAV();
          const alglib::complex &c = ${var}[i];
          av_store(iav, 1, newSVnv(c.y));
          av_store(iav, 0, newSVnv(c.x));
          av_store(av, i, newRV_noinc((SV *)iav));
        }

AL_CPLXNV_ARRAY_PTR
        AV* av = newAV();
        const unsigned int len = $var->length();
        $arg = newRV_noinc((SV*)av);
        av_extend(av, len-1);
        for (unsigned int i = 0; i < len; i++) {
          AV* iav = newAV();
          const alglib::complex &c = (*${var})[i];
          av_store(iav, 1, newSVnv(c.y));
          av_store(iav, 0, newSVnv(c.x));
          av_store(av, i, newRV_noinc((SV *)iav));
        }


AL_NV_2DARRAY
        AV* av = newAV();
        const unsigned int rows = $var.rows();
        const unsigned int cols = $var.cols();
        $arg = newRV_noinc((SV*)av);
        av_extend(av, rows-1);
        for (unsigned int i = 0; i < rows; i++) {
          AV *iav = newAV();
          double *row = ${var}[i];
          av_extend(iav, cols-1);
          av_store(av, i, newRV_noinc((SV *)iav));
          for (unsigned int j = 0; j < cols; j++) {
            av_store(iav, j, newSVnv(row[j]));
          }
        }

T_HV_ODESOLVERSTATE
        $arg = odesolverstate_to_perl_hash(aTHX_ $var);
